// Jest Snapshot v1, https://jestjs.io/docs/snapshot-testing

exports[`driver.route.drive.acceptance given: [case1] route bound with unpassed stones when: [t0] route.drive is invoked then: stdout has good vibes 1`] = `
"🦉 where were we?

🗿 route.drive
   ├─ where do we go?
   │  ├─ route = .
   │  └─ stone = 1
   │
   ├─ are you here?
   │  ├─ when ready for review, run:
   │  │  └─ rhx route.stone.set --stone 1 --as arrived
   │  └─ when ready to continue, run:
   │     └─ rhx route.stone.set --stone 1 --as passed
   │
   ├─ here's the stone
   │  ├─
   │  │
   │  │  # stone: implement the feature
   │  │  
   │  │  implement the feature described in the wish.
   │  │  
   │  │  done when:
   │  │  - feature is implemented
   │  │  - tests pass
   │  │  
   │  └─
   │
   └─ are you here?
      ├─ when ready for review, run:
      │  └─ rhx route.stone.set --stone 1 --as arrived
      └─ when ready to continue, run:
         └─ rhx route.stone.set --stone 1 --as passed
"
`;

exports[`driver.route.drive.acceptance given: [case3] route bound with all stones passed (direct mode) when: [t0] route.drive is invoked without mode then: stdout has good vibes 1`] = `
"🦉 where were we?

🗿 route.drive
   └─ route complete! 🌴🤙
"
`;

exports[`driver.route.drive.acceptance given: [case4] hook mode blocks stop when stones remain when: [t0] route.drive is invoked with --when hook.onStop then: stdout matches non-hook mode (same content) 1`] = `
"🦉 where were we?

🗿 route.drive
   ├─ where do we go?
   │  ├─ route = .
   │  └─ stone = 1
   │
   ├─ are you here?
   │  ├─ when ready for review, run:
   │  │  └─ rhx route.stone.set --stone 1 --as arrived
   │  └─ when ready to continue, run:
   │     └─ rhx route.stone.set --stone 1 --as passed
   │
   ├─ here's the stone
   │  ├─
   │  │
   │  │  # stone: implement the feature
   │  │  
   │  │  implement the feature described in the wish.
   │  │  
   │  │  done when:
   │  │  - feature is implemented
   │  │  - tests pass
   │  │  
   │  └─
   │
   └─ are you here?
      ├─ when ready for review, run:
      │  └─ rhx route.stone.set --stone 1 --as arrived
      └─ when ready to continue, run:
         └─ rhx route.stone.set --stone 1 --as passed
"
`;

exports[`driver.route.drive.acceptance given: [case8] the --help flag when: [t0] route.drive is invoked with --help then: stdout matches snapshot 1`] = `
"route.drive - echo current stone and pass command for bound route

usage:
  route.drive [options]

options:
  --route <path>     path to route directory (uses bound route if absent)
  --when <context>   hook context: hook.onBoot or hook.onStop
                     onBoot: show guidance, exit 0 (don't block session start)
                     onStop: show guidance, exit 2 (block premature stop)
  --help             show this help message

output:
  when the stone can self-drive, route.drive echoes the current stone + guidance.
  when it has halted and needs a human, it switches to a halt message instead:
    ✋ halted, stone marked blocked         a driver wall (--as blocked) — clear it
    👋 halted, peer reviewer budget exhausted   approve as-is, or extend the budget
    💥 halted, guard malfunction            a reviewer or judge broke — a human must fix
  onStop honors the same halt: exit 2 keeps the route in motion, exit 0 allows a
  clean stop, exit 1 escalates a malfunction (per rule.require.exit-code-semantics).
  onBoot always exits 0 (it never blocks session start).

examples:
  route.drive                        # echo current stone
  route.drive --when hook.onBoot     # show stone, exit 0 (for onBoot hooks)
  route.drive --when hook.onStop     # show stone, exit 2 if unpassed (for onStop hooks)
"
`;
