// Jest Snapshot v1, https://jestjs.io/docs/snapshot-testing

exports[`driver.route.escape-hatch.acceptance given: [escape-hatch] stone with perma-fail review when: [t0] artifact created and pass attempted then: stdout has good vibes 1`] = `
"🦉 the way speaks for itself
   ├─ ✓ review.1 - completed [TIME]
   └─ ✗ judge.1 - blocked [TIME]

🗿 route.stone.set
   ├─ stone = 1.design
   ├─ passage = blocked
   ├─ reason = blockers exceed threshold (1 > 0)
   └─ guard
      ├─ artifacts
      │   └─ $route/1.design*.md
      ├─ reviews
      │   └─ r1: bash $route/.test/perma-fail-review.sh
      │       ├─ finished [TIME] ✓
      │       ├─ review: .route/1.design.guard.review.i1.3f8f65c54b07f246f3b1115dbcdae8965f85c7439835a982a73b20147d1507cc.r1.md
      │       └─ 1 blocker 🔴
      └─ judges
          └─ j1: rhx route.stone.judge --mechanism reviewed? --stone $stone --route $route --allow-blockers 0 --allow-nitpicks 0
              ├─ finished [TIME] ✗
              └─ reason: blockers exceed threshold (1 > 0)
"
`;

exports[`driver.route.escape-hatch.acceptance given: [escape-hatch] stone with perma-fail review when: [t2] pass is reattempted after guard edit then: stdout has good vibes 1`] = `
"🦉 the way speaks for itself

🗿 route.stone.set
   ├─ stone = 1.design
   ├─ passage = allowed (artifacts only)
   │
   └─ the way continues, run
      └─ rhx route.drive
"
`;
