// Jest Snapshot v1, https://jestjs.io/docs/snapshot-testing

exports[`driver.route.review-blocks-approval.acceptance given: [review-blocks] stone with review + approval guard when: [t1] human approves the stone then: stdout has good vibes 1`] = `
"🦉 the way speaks for itself

🗿 route.stone.set
   ├─ stone = 1.plan
   └─ ✓ approved
"
`;

exports[`driver.route.review-blocks-approval.acceptance given: [review-blocks] stone with review + approval guard when: [t2] pass attempted with approval but reviews still fail then: stdout has good vibes 1`] = `
"🦉 the way speaks for itself
   │
   ├─ r1: bash (l1, 1/∞)
   │   ├─ rejected [TIME]
   │   ├─ 1 blocker 🔴
   │   ├─ 0 nitpicks ✓
   │   └─ review: .reviews/peer/1.plan._.review.i1.e7639ab384369331ef.r1._.given.by_peer.bash.md
   │
   ├─ ✗ judge.1 - blocked [TIME]
   │
   └─ ✓ judge.2 - allowed [TIME]

🗿 route.stone.set
   ├─ stone = 1.plan
   ├─ passage = blocked
   ├─ reason = blockers exceed threshold (1 > 0)
   └─ guard
      ├─ artifacts
      │   └─ $route/1.plan*.md
      ├─ reviews
      │   └─ r1: bash (l1, 1/∞)
      │       ├─ rejected [TIME]
      │       ├─ 1 blocker 🔴
      │       ├─ 0 nitpicks ✓
      │       └─ review: .reviews/peer/1.plan._.review.i1.e7639ab384369331ef.r1._.given.by_peer.bash.md
      └─ judges
          ├─ j1: rhx route.stone.judge --mechanism reviewed? --stone $stone --route $route --allow-blockers 0 --allow-nitpicks 0
          │   ├─ finished [TIME] ✗
          │   └─ reason: blockers exceed threshold (1 > 0)
          └─ j2: rhx route.stone.judge --mechanism approved? --stone $stone --route $route
              └─ finished [TIME] ✓
"
`;

exports[`driver.route.review-blocks-approval.acceptance given: [review-blocks] stone with review + approval guard when: [t4] pass reattempted after fix then: stdout has good vibes 1`] = `
"🦉 the way speaks for itself
   │
   ├─ r1: bash (l1, 2/∞)
   │   ├─ approved [TIME]
   │   ├─ 0 blockers ✓
   │   ├─ 0 nitpicks ✓
   │   └─ review: .reviews/peer/1.plan._.review.i2.011b7ed6745dcad7a6.r1._.given.by_peer.bash.md
   │
   ├─ ✓ judge.1 - allowed [TIME]
   │
   └─ ✓ judge.2 - allowed [TIME]

🗿 route.stone.set
   ├─ stone = 1.plan
   ├─ passage = allowed
   ├─ guard
   │  ├─ artifacts
   │  │   └─ $route/1.plan*.md
   │  ├─ reviews
   │  │   └─ r1: bash (l1, 2/∞)
   │  │       ├─ approved [TIME]
   │  │       ├─ 0 blockers ✓
   │  │       ├─ 0 nitpicks ✓
   │  │       └─ review: .reviews/peer/1.plan._.review.i2.011b7ed6745dcad7a6.r1._.given.by_peer.bash.md
   │  └─ judges
   │      ├─ j1: rhx route.stone.judge --mechanism reviewed? --stone $stone --route $route --allow-blockers 0 --allow-nitpicks 0
   │      │   └─ finished [TIME] ✓
   │      └─ j2: rhx route.stone.judge --mechanism approved? --stone $stone --route $route
   │          └─ finished [TIME] ✓
   │
   └─ the way continues, run
      └─ rhx route.drive
"
`;
