// Jest Snapshot v1, https://jestjs.io/docs/snapshot-testing

exports[`driver.route.escape-hatch.acceptance given: [escape-hatch] stone with perma-fail review when: [t0] artifact created and pass attempted then: stdout has good vibes 1`] = `
"🦉 the way speaks for itself
   ├─ ✓ review.1 - done [TIME]
   └─ ✗ judge.1 - failed [TIME]

🗿 route.stone.set
   ├─ stone = 1.design
   ├─ passage = blocked
   ├─ reason = blockers exceed threshold (1 > 0)
   └─ guard
      ├─ artifacts
      │   └─ 1.design.md
      ├─ reviews
      │   └─ r1: bash $route/.test/perma-fail-review.sh
      │       ├─ finished [TIME] ✓
      │       ├─ review: .route/1.design.guard.review.i1.9a1abf10a35fb1f3aebd56a1685a92c738b5f171df478c06b2985c2ed0f0be31.r1.md
      │       └─ 1 blocker 🔴
      └─ judges
          └─ j1: rhx route.stone.judge --mechanism reviewed? --stone $stone --route $route --allow-blockers 0 --allow-nitpicks 0
              ├─ finished [TIME] ✗
              └─ reason: blockers exceed threshold (1 > 0)
"
`;

exports[`driver.route.escape-hatch.acceptance given: [escape-hatch] stone with perma-fail review when: [t2] pass is reattempted after guard edit then: stdout has good vibes 1`] = `
"🦉 the way speaks for itself

🗿 route.stone.set
   ├─ stone = 1.design
   └─ passage = allowed (artifacts only)
"
`;
