// Jest Snapshot v1, https://jestjs.io/docs/snapshot-testing

exports[`review.key-absent.acceptance given: [case1] OPENROUTER_API_KEY is absent from env and keyrack when: [t0] rhx review runs on its default brain then: the rendered refusal is pinned 1`] = `
"✋ ConstraintError: 
🔐 keyrack
   └─ ehmpath.prep.OPENROUTER_API_KEY
      ├─ status: absent 🫧
      └─ tip: rhx keyrack set --owner ehmpath --key OPENROUTER_API_KEY --env prep


{
  "attempts": [
    {
      "key": "OPENROUTER_API_KEY",
      "status": "absent",
      "fix": "rhx keyrack set --owner ehmpath --key OPENROUTER_API_KEY --env prep"
    }
  ],
  "env": "prep",
  "owner": "ehmpath"
}
"
`;
